<html>
<body>
<pre>
<h1>µVision Build Log</h1>
<h2>Tool Versions:</h2>
IDE-Version: ¦ÌVision V5.14.0.0
Copyright (C) 2015 ARM Ltd and ARM Germany GmbH. All rights reserved.
License Information: z z, z, LIC=W9630-BRUCX-QGI7I-TNIIX-ETB5A-673DX
 
Tool Versions:
Toolchain:       MDK-ARM Professional  Version: 5.14.0.0
Toolchain Path:  e:\Keil_v5\ARM\ARMCC\Bin
C Compiler:      Armcc.exe V5.05 update 1 (build 106)
Assembler:       Armasm.exe V5.05 update 1 (build 106)
Linker/Locator:  ArmLink.exe V5.05 update 1 (build 106)
Library Manager: ArmAr.exe V5.05 update 1 (build 106)
Hex Converter:   FromElf.exe V5.05 update 1 (build 106)
CPU DLL:         SARMCM3.DLL V5.14.0.0
Dialog DLL:      DARMCM1.DLL V1.12.0.0
Target DLL:      CMSIS_AGDI.dll V1.21.0.0
Dialog DLL:      TARMCM1.DLL V1.9.0.0
 
<h2>Project:</h2>
D:\stm32\my\Buz_io\buz_io.uvprojx
Project File Date:  02/13/2019

<h2>Output:</h2>
Rebuild target 'buz_io'
assembling startup_stm32f0xx.s...
compiling system_stm32f0xx.c...
compiling stm32f0xx_adc.c...
compiling stm32f0xx_cec.c...
compiling stm32f0xx_comp.c...
compiling stm32f0xx_crc.c...
compiling stm32f0xx_dac.c...
compiling stm32f0xx_dbgmcu.c...
compiling stm32f0xx_dma.c...
compiling stm32f0xx_exti.c...
compiling stm32f0xx_flash.c...
compiling stm32f0xx_gpio.c...
compiling stm32f0xx_i2c.c...
compiling stm32f0xx_iwdg.c...
compiling stm32f0xx_misc.c...
compiling stm32f0xx_pwr.c...
compiling stm32f0xx_rcc.c...
compiling stm32f0xx_rtc.c...
compiling stm32f0xx_spi.c...
compiling stm32f0xx_syscfg.c...
compiling stm32f0xx_tim.c...
compiling stm32f0xx_usart.c...
compiling stm32f0xx_wwdg.c...
compiling wolf_delay.c...
compiling wolf_led.c...
compiling wolf_buzzer.c...
compiling wolf_key.c...
compiling main.c...
src\main.c(51): warning:  #223-D: function "board_buzzer_init" declared implicitly
    board_buzzer_init(); //Init buzzer port
src\main.c(58): warning:  #223-D: function "board_buzzer_ctrl" declared implicitly
        board_buzzer_ctrl(ON); //Buzzer on
src\main.c(64): warning:  #223-D: function "board_buzzer_ctrl" declared implicitly
        board_buzzer_ctrl(OFF); //Buzzer off
src\main.c(70): warning:  #223-D: function "board_buzzer_ctrl" declared implicitly
        board_buzzer_ctrl(ON);
src\main.c(76): warning:  #223-D: function "board_buzzer_ctrl" declared implicitly
        board_buzzer_ctrl(OFF);
src\main.c(82): warning:  #223-D: function "board_buzzer_ctrl" declared implicitly
        board_buzzer_ctrl(ON);
src\main.c(88): warning:  #223-D: function "board_buzzer_ctrl" declared implicitly
        board_buzzer_ctrl(OFF);
src\main.c(93): warning:  #1-D: last line of file ends without a newline
  }
src\main.c: 8 warnings, 0 errors
compiling stm32f0xx_it.c...
linking...
Program Size: Code=3140 RO-data=292 RW-data=76 ZI-data=1732  
".\obj\buz_io.axf" - 0 Error(s), 8 Warning(s).

<h2>Collection of Component include folders:</h2>
  D:\stm32\my\Buz_io\RTE
  e:\Keil_v5\ARM\PACK\Keil\STM32F0xx_DFP\1.4.0\Device\Include

<h2>Collection of Component Files used:</h2>
</pre>
</body>
</html>
