<html>
<body>
<pre>
<h1>µVision Build Log</h1>
<h2>Tool Versions:</h2>
IDE-Version: ¦ÌVision V5.14.0.0
Copyright (C) 2015 ARM Ltd and ARM Germany GmbH. All rights reserved.
License Information: z z, z, LIC=W9630-BRUCX-QGI7I-TNIIX-ETB5A-673DX
 
Tool Versions:
Toolchain:       MDK-ARM Professional  Version: 5.14.0.0
Toolchain Path:  e:\Keil_v5\ARM\ARMCC\Bin
C Compiler:      Armcc.exe V5.05 update 1 (build 106)
Assembler:       Armasm.exe V5.05 update 1 (build 106)
Linker/Locator:  ArmLink.exe V5.05 update 1 (build 106)
Library Manager: ArmAr.exe V5.05 update 1 (build 106)
Hex Converter:   FromElf.exe V5.05 update 1 (build 106)
CPU DLL:         SARMCM3.DLL V5.14.0.0
Dialog DLL:      DARMCM1.DLL V1.12.0.0
Target DLL:      CMSIS_AGDI.dll V1.21.0.0
Dialog DLL:      TARMCM1.DLL V1.9.0.0
 
<h2>Project:</h2>
D:\stm32\my\Buz_pwm\buz_pwm.uvprojx
Project File Date:  02/13/2019

<h2>Output:</h2>
Build target 'buz_pwm'
compiling main.c...
src\main.c(51): warning:  #223-D: function "wolf_buzzer_TIM1_init" declared implicitly
    wolf_buzzer_TIM1_init(); //Init Buzzer TIM1
src\main.c(64): warning:  #223-D: function "wolf_buzzer_PWM_test" declared implicitly
        wolf_buzzer_PWM_test(freq, duty);
src\main.c(77): warning:  #223-D: function "wolf_buzzer_PWM_test" declared implicitly
        wolf_buzzer_PWM_test(freq, duty);
src\main.c(88): warning:  #223-D: function "wolf_buzzer_PWM_disable" declared implicitly
        wolf_buzzer_PWM_disable(); //Disable buzzer
src\main.c(98): warning:  #1-D: last line of file ends without a newline
  }
src\main.c: 5 warnings, 0 errors
linking...
Program Size: Code=3728 RO-data=292 RW-data=100 ZI-data=1764  
".\obj\buz_pwm.axf" - 0 Error(s), 5 Warning(s).

<h2>Collection of Component include folders:</h2>
  D:\stm32\my\Buz_pwm\RTE
  e:\Keil_v5\ARM\PACK\Keil\STM32F0xx_DFP\1.4.0\Device\Include

<h2>Collection of Component Files used:</h2>
</pre>
</body>
</html>
